multi-person-source synthetic video created: 20260723_091146
sources: 6
mail queued: /home/philip/.local/state/camera-snapshots/mail-queue/20260723_091146.json
2026-07-23T09:11:45+0900 trigger start
2026-07-23T09:11:47+0900 trigger exit=0
multi-person-source synthetic video created: 20260723_091312
sources: 6
mail queued: /home/philip/.local/state/camera-snapshots/mail-queue/20260723_091312.json
2026-07-23T09:13:11+0900 trigger start
2026-07-23T09:13:13+0900 trigger exit=0
multi-person-source synthetic video created: 20260723_091329
sources: 6
mail queued: /home/philip/.local/state/camera-snapshots/mail-queue/20260723_091329.json
2026-07-23T09:13:28+0900 trigger start
2026-07-23T09:13:30+0900 trigger exit=0
multi-person-source synthetic video created: 20260723_091349
sources: 6
mail queued: /home/philip/.local/state/camera-snapshots/mail-queue/20260723_091349.json
2026-07-23T09:13:48+0900 trigger start
2026-07-23T09:13:50+0900 trigger exit=0
multi-person-source synthetic video created: 20260723_172850
sources: 6
mail queued: /home/philip/.local/state/camera-snapshots/mail-queue/20260723_172850.json
2026-07-23T17:28:49+0900 trigger start
2026-07-23T17:28:51+0900 trigger exit=0
multi-person-source synthetic video created: 20260723_172856
sources: 6
mail queued: /home/philip/.local/state/camera-snapshots/mail-queue/20260723_172856.json
2026-07-23T17:28:55+0900 trigger start
2026-07-23T17:28:56+0900 trigger exit=0
multi-person-source synthetic video created: 20260723_172915
sources: 6
mail queued: /home/philip/.local/state/camera-snapshots/mail-queue/20260723_172915.json
2026-07-23T17:29:14+0900 trigger start
2026-07-23T17:29:15+0900 trigger exit=0
multi-person-source synthetic video created: 20260723_172920
sources: 6
mail queued: /home/philip/.local/state/camera-snapshots/mail-queue/20260723_172920.json
2026-07-23T17:29:20+0900 trigger start
2026-07-23T17:29:21+0900 trigger exit=0
multi-person-source synthetic video created: 20260723_172926
sources: 6
mail queued: /home/philip/.local/state/camera-snapshots/mail-queue/20260723_172926.json
2026-07-23T17:29:25+0900 trigger start
2026-07-23T17:29:27+0900 trigger exit=0
multi-person-source synthetic video created: 20260723_173103
sources: 6
mail queued: /home/philip/.local/state/camera-snapshots/mail-queue/20260723_173103.json
2026-07-23T17:31:02+0900 trigger start
2026-07-23T17:31:03+0900 trigger exit=0
multi-person-source synthetic video created: 20260723_173156
sources: 6
mail queued: /home/philip/.local/state/camera-snapshots/mail-queue/20260723_173156.json
2026-07-23T17:31:55+0900 trigger start
2026-07-23T17:31:57+0900 trigger exit=0
multi-person-source synthetic video created: 20260723_173254
sources: 6
mail queued: /home/philip/.local/state/camera-snapshots/mail-queue/20260723_173254.json
2026-07-23T17:32:53+0900 trigger start
2026-07-23T17:32:54+0900 trigger exit=0
multi-person-source synthetic video created: 20260723_173300
sources: 6
mail queued: /home/philip/.local/state/camera-snapshots/mail-queue/20260723_173300.json
2026-07-23T17:32:59+0900 trigger start
2026-07-23T17:33:00+0900 trigger exit=0
multi-person-source synthetic video created: 20260723_173533
sources: 6
mail queued: /home/philip/.local/state/camera-snapshots/mail-queue/20260723_173533.json
2026-07-23T17:35:32+0900 trigger start
2026-07-23T17:35:33+0900 trigger exit=0
multi-person-source synthetic video created: 20260723_173539
sources: 6
mail queued: /home/philip/.local/state/camera-snapshots/mail-queue/20260723_173539.json
2026-07-23T17:35:38+0900 trigger start
2026-07-23T17:35:39+0900 trigger exit=0
multi-person-source synthetic video created: 20260723_173544
sources: 6
mail queued: /home/philip/.local/state/camera-snapshots/mail-queue/20260723_173544.json
2026-07-23T17:35:43+0900 trigger start
2026-07-23T17:35:45+0900 trigger exit=0
multi-person-source synthetic video created: 20260723_173853
sources: 6
mail queued: /home/philip/.local/state/camera-snapshots/mail-queue/20260723_173853.json
2026-07-23T17:38:52+0900 trigger start
2026-07-23T17:38:54+0900 trigger exit=0
multi-person-source synthetic video created: 20260723_174155
sources: 6
mail queued: /home/philip/.local/state/camera-snapshots/mail-queue/20260723_174155.json
2026-07-23T17:41:54+0900 trigger start
2026-07-23T17:41:56+0900 trigger exit=0
multi-person-source synthetic video created: 20260723_174249
sources: 6
mail queued: /home/philip/.local/state/camera-snapshots/mail-queue/20260723_174249.json
2026-07-23T17:42:48+0900 trigger start
2026-07-23T17:42:49+0900 trigger exit=0
multi-person-source synthetic video created: 20260723_174306
sources: 6
mail queued: /home/philip/.local/state/camera-snapshots/mail-queue/20260723_174306.json
2026-07-23T17:43:05+0900 trigger start
2026-07-23T17:43:06+0900 trigger exit=0
multi-person-source synthetic video created: 20260723_174312
sources: 6
mail queued: /home/philip/.local/state/camera-snapshots/mail-queue/20260723_174312.json
2026-07-23T17:43:11+0900 trigger start
2026-07-23T17:43:12+0900 trigger exit=0
multi-person-source synthetic video created: 20260723_174449
sources: 6
mail queued: /home/philip/.local/state/camera-snapshots/mail-queue/20260723_174449.json
2026-07-23T17:44:48+0900 trigger start
2026-07-23T17:44:49+0900 trigger exit=0
multi-person-source synthetic video created: 20260723_174458
sources: 6
mail queued: /home/philip/.local/state/camera-snapshots/mail-queue/20260723_174458.json
2026-07-23T17:44:57+0900 trigger start
2026-07-23T17:44:58+0900 trigger exit=0
multi-person-source synthetic video created: 20260723_174504
sources: 6
mail queued: /home/philip/.local/state/camera-snapshots/mail-queue/20260723_174504.json
2026-07-23T17:45:03+0900 trigger start
2026-07-23T17:45:04+0900 trigger exit=0
multi-person-source synthetic video created: 20260723_174601
sources: 6
mail queued: /home/philip/.local/state/camera-snapshots/mail-queue/20260723_174601.json
2026-07-23T17:46:00+0900 trigger start
2026-07-23T17:46:01+0900 trigger exit=0
multi-person-source synthetic video created: 20260723_174606
sources: 6
mail queued: /home/philip/.local/state/camera-snapshots/mail-queue/20260723_174606.json
2026-07-23T17:46:05+0900 trigger start
2026-07-23T17:46:07+0900 trigger exit=0
multi-person-source synthetic video created: 20260723_174612
sources: 6
mail queued: /home/philip/.local/state/camera-snapshots/mail-queue/20260723_174612.json
2026-07-23T17:46:11+0900 trigger start
2026-07-23T17:46:13+0900 trigger exit=0
multi-person-source synthetic video created: 20260723_174618
sources: 6
mail queued: /home/philip/.local/state/camera-snapshots/mail-queue/20260723_174618.json
2026-07-23T17:46:17+0900 trigger start
2026-07-23T17:46:19+0900 trigger exit=0
multi-person-source synthetic video created: 20260723_174628
sources: 6
mail queued: /home/philip/.local/state/camera-snapshots/mail-queue/20260723_174628.json
2026-07-23T17:46:27+0900 trigger start
2026-07-23T17:46:28+0900 trigger exit=0
multi-person-source synthetic video created: 20260723_174634
sources: 6
mail queued: /home/philip/.local/state/camera-snapshots/mail-queue/20260723_174634.json
2026-07-23T17:46:33+0900 trigger start
2026-07-23T17:46:34+0900 trigger exit=0
multi-person-source synthetic video created: 20260723_174643
sources: 6
mail queued: /home/philip/.local/state/camera-snapshots/mail-queue/20260723_174643.json
2026-07-23T17:46:42+0900 trigger start
2026-07-23T17:46:43+0900 trigger exit=0
multi-person-source synthetic video created: 20260723_174700
sources: 6
mail queued: /home/philip/.local/state/camera-snapshots/mail-queue/20260723_174700.json
2026-07-23T17:46:59+0900 trigger start
2026-07-23T17:47:00+0900 trigger exit=0
multi-person-source synthetic video created: 20260723_174706
sources: 6
mail queued: /home/philip/.local/state/camera-snapshots/mail-queue/20260723_174706.json
2026-07-23T17:47:05+0900 trigger start
2026-07-23T17:47:06+0900 trigger exit=0
multi-person-source synthetic video created: 20260723_174747
sources: 6
mail queued: /home/philip/.local/state/camera-snapshots/mail-queue/20260723_174747.json
2026-07-23T17:47:46+0900 trigger start
2026-07-23T17:47:47+0900 trigger exit=0
multi-person-source synthetic video created: 20260723_174753
sources: 6
mail queued: /home/philip/.local/state/camera-snapshots/mail-queue/20260723_174753.json
2026-07-23T17:47:52+0900 trigger start
2026-07-23T17:47:53+0900 trigger exit=0
multi-person-source synthetic video created: 20260723_174758
sources: 6
mail queued: /home/philip/.local/state/camera-snapshots/mail-queue/20260723_174758.json
2026-07-23T17:47:57+0900 trigger start
2026-07-23T17:47:59+0900 trigger exit=0
multi-person-source synthetic video created: 20260723_174804
sources: 6
mail queued: /home/philip/.local/state/camera-snapshots/mail-queue/20260723_174804.json
2026-07-23T17:48:03+0900 trigger start
2026-07-23T17:48:05+0900 trigger exit=0
multi-person-source synthetic video created: 20260723_174810
sources: 6
mail queued: /home/philip/.local/state/camera-snapshots/mail-queue/20260723_174810.json
2026-07-23T17:48:09+0900 trigger start
2026-07-23T17:48:11+0900 trigger exit=0
multi-person-source synthetic video created: 20260723_174816
sources: 6
mail queued: /home/philip/.local/state/camera-snapshots/mail-queue/20260723_174816.json
2026-07-23T17:48:15+0900 trigger start
2026-07-23T17:48:17+0900 trigger exit=0
multi-person-source synthetic video created: 20260723_174846
sources: 6
mail queued: /home/philip/.local/state/camera-snapshots/mail-queue/20260723_174846.json
2026-07-23T17:48:45+0900 trigger start
2026-07-23T17:48:46+0900 trigger exit=0
multi-person-source synthetic video created: 20260723_175434
sources: 6
mail queued: /home/philip/.local/state/camera-snapshots/mail-queue/20260723_175434.json
2026-07-23T17:54:33+0900 trigger start
2026-07-23T17:54:34+0900 trigger exit=0
multi-person-source synthetic video created: 20260723_175755
sources: 6
mail queued: /home/philip/.local/state/camera-snapshots/mail-queue/20260723_175755.json
2026-07-23T17:57:54+0900 trigger start
2026-07-23T17:57:55+0900 trigger exit=0
multi-person-source synthetic video created: 20260723_175812
sources: 6
mail queued: /home/philip/.local/state/camera-snapshots/mail-queue/20260723_175812.json
2026-07-23T17:58:11+0900 trigger start
2026-07-23T17:58:12+0900 trigger exit=0
multi-person-source synthetic video created: 20260723_175818
sources: 6
mail queued: /home/philip/.local/state/camera-snapshots/mail-queue/20260723_175818.json
2026-07-23T17:58:17+0900 trigger start
2026-07-23T17:58:18+0900 trigger exit=0
multi-person-source synthetic video created: 20260723_175823
sources: 6
mail queued: /home/philip/.local/state/camera-snapshots/mail-queue/20260723_175823.json
2026-07-23T17:58:23+0900 trigger start
2026-07-23T17:58:24+0900 trigger exit=0
multi-person-source synthetic video created: 20260723_175829
sources: 6
mail queued: /home/philip/.local/state/camera-snapshots/mail-queue/20260723_175829.json
2026-07-23T17:58:28+0900 trigger start
2026-07-23T17:58:30+0900 trigger exit=0
multi-person-source synthetic video created: 20260723_175835
sources: 6
mail queued: /home/philip/.local/state/camera-snapshots/mail-queue/20260723_175835.json
2026-07-23T17:58:34+0900 trigger start
2026-07-23T17:58:36+0900 trigger exit=0
multi-person-source synthetic video created: 20260723_175841
sources: 6
mail queued: /home/philip/.local/state/camera-snapshots/mail-queue/20260723_175841.json
2026-07-23T17:58:40+0900 trigger start
2026-07-23T17:58:42+0900 trigger exit=0
multi-person-source synthetic video created: 20260723_175847
sources: 6
mail queued: /home/philip/.local/state/camera-snapshots/mail-queue/20260723_175847.json
2026-07-23T17:58:46+0900 trigger start
2026-07-23T17:58:47+0900 trigger exit=0
multi-person-source synthetic video created: 20260723_175853
sources: 6
mail queued: /home/philip/.local/state/camera-snapshots/mail-queue/20260723_175853.json
2026-07-23T17:58:52+0900 trigger start
2026-07-23T17:58:53+0900 trigger exit=0
multi-person-source synthetic video created: 20260723_175906
sources: 6
mail queued: /home/philip/.local/state/camera-snapshots/mail-queue/20260723_175906.json
2026-07-23T17:59:05+0900 trigger start
2026-07-23T17:59:07+0900 trigger exit=0
multi-person-source synthetic video created: 20260723_175912
sources: 6
mail queued: /home/philip/.local/state/camera-snapshots/mail-queue/20260723_175912.json
2026-07-23T17:59:11+0900 trigger start
2026-07-23T17:59:12+0900 trigger exit=0
multi-person-source synthetic video created: 20260723_175918
sources: 6
mail queued: /home/philip/.local/state/camera-snapshots/mail-queue/20260723_175918.json
2026-07-23T17:59:17+0900 trigger start
2026-07-23T17:59:19+0900 trigger exit=0
multi-person-source synthetic video created: 20260723_175924
sources: 6
mail queued: /home/philip/.local/state/camera-snapshots/mail-queue/20260723_175924.json
2026-07-23T17:59:23+0900 trigger start
2026-07-23T17:59:24+0900 trigger exit=0
multi-person-source synthetic video created: 20260723_183306
sources: 6
mail queued: /home/philip/.local/state/camera-snapshots/mail-queue/20260723_183306.json
2026-07-23T18:33:05+0900 trigger start
2026-07-23T18:33:06+0900 trigger exit=0
multi-person-source synthetic video created: 20260723_183312
sources: 6
mail queued: /home/philip/.local/state/camera-snapshots/mail-queue/20260723_183312.json
2026-07-23T18:33:11+0900 trigger start
2026-07-23T18:33:12+0900 trigger exit=0
multi-person-source synthetic video created: 20260723_183741
sources: 6
mail queued: /home/philip/.local/state/camera-snapshots/mail-queue/20260723_183741.json
2026-07-23T18:37:40+0900 trigger start
2026-07-23T18:37:41+0900 trigger exit=0
multi-person-source synthetic video created: 20260723_183754
sources: 6
mail queued: /home/philip/.local/state/camera-snapshots/mail-queue/20260723_183754.json
2026-07-23T18:37:53+0900 trigger start
2026-07-23T18:37:55+0900 trigger exit=0
multi-person-source synthetic video created: 20260723_183800
sources: 6
mail queued: /home/philip/.local/state/camera-snapshots/mail-queue/20260723_183800.json
2026-07-23T18:37:59+0900 trigger start
2026-07-23T18:38:00+0900 trigger exit=0
multi-person-source synthetic video created: 20260723_183813
sources: 6
mail queued: /home/philip/.local/state/camera-snapshots/mail-queue/20260723_183813.json
2026-07-23T18:38:12+0900 trigger start
2026-07-23T18:38:13+0900 trigger exit=0
multi-person-source synthetic video created: 20260723_183819
sources: 6
mail queued: /home/philip/.local/state/camera-snapshots/mail-queue/20260723_183819.json
2026-07-23T18:38:18+0900 trigger start
2026-07-23T18:38:19+0900 trigger exit=0
multi-person-source synthetic video created: 20260723_183824
sources: 6
mail queued: /home/philip/.local/state/camera-snapshots/mail-queue/20260723_183824.json
2026-07-23T18:38:24+0900 trigger start
2026-07-23T18:38:25+0900 trigger exit=0
multi-person-source synthetic video created: 20260723_183830
sources: 6
mail queued: /home/philip/.local/state/camera-snapshots/mail-queue/20260723_183830.json
2026-07-23T18:38:29+0900 trigger start
2026-07-23T18:38:31+0900 trigger exit=0
multi-person-source synthetic video created: 20260723_183836
sources: 6
mail queued: /home/philip/.local/state/camera-snapshots/mail-queue/20260723_183836.json
2026-07-23T18:38:35+0900 trigger start
2026-07-23T18:38:37+0900 trigger exit=0
multi-person-source synthetic video created: 20260723_183842
sources: 6
mail queued: /home/philip/.local/state/camera-snapshots/mail-queue/20260723_183842.json
2026-07-23T18:38:41+0900 trigger start
2026-07-23T18:38:43+0900 trigger exit=0
multi-person-source synthetic video created: 20260723_183848
sources: 6
mail queued: /home/philip/.local/state/camera-snapshots/mail-queue/20260723_183848.json
2026-07-23T18:38:47+0900 trigger start
2026-07-23T18:38:49+0900 trigger exit=0
multi-person-source synthetic video created: 20260723_183854
sources: 6
mail queued: /home/philip/.local/state/camera-snapshots/mail-queue/20260723_183854.json
2026-07-23T18:38:53+0900 trigger start
2026-07-23T18:38:55+0900 trigger exit=0
multi-person-source synthetic video created: 20260723_183912
sources: 6
mail queued: /home/philip/.local/state/camera-snapshots/mail-queue/20260723_183912.json
2026-07-23T18:39:11+0900 trigger start
2026-07-23T18:39:13+0900 trigger exit=0
multi-person-source synthetic video created: 20260723_184352
sources: 6
mail queued: /home/philip/.local/state/camera-snapshots/mail-queue/20260723_184352.json
2026-07-23T18:43:51+0900 trigger start
2026-07-23T18:43:52+0900 trigger exit=0
multi-person-source synthetic video created: 20260723_184409
sources: 6
mail queued: /home/philip/.local/state/camera-snapshots/mail-queue/20260723_184409.json
2026-07-23T18:44:08+0900 trigger start
2026-07-23T18:44:09+0900 trigger exit=0
multi-person-source synthetic video created: 20260723_185313
sources: 6
mail queued: /home/philip/.local/state/camera-snapshots/mail-queue/20260723_185313.json
2026-07-23T18:53:12+0900 trigger start
2026-07-23T18:53:14+0900 trigger exit=0
multi-person-source synthetic video created: 20260723_185746
sources: 6
mail queued: /home/philip/.local/state/camera-snapshots/mail-queue/20260723_185746.json
2026-07-23T18:57:45+0900 trigger start
2026-07-23T18:57:47+0900 trigger exit=0
multi-person-source synthetic video created: 20260723_185752
sources: 6
mail queued: /home/philip/.local/state/camera-snapshots/mail-queue/20260723_185752.json
2026-07-23T18:57:51+0900 trigger start
2026-07-23T18:57:53+0900 trigger exit=0
multi-person-source synthetic video created: 20260723_185758
sources: 6
mail queued: /home/philip/.local/state/camera-snapshots/mail-queue/20260723_185758.json
2026-07-23T18:57:57+0900 trigger start
2026-07-23T18:57:58+0900 trigger exit=0
multi-person-source synthetic video created: 20260723_185804
sources: 6
mail queued: /home/philip/.local/state/camera-snapshots/mail-queue/20260723_185804.json
2026-07-23T18:58:03+0900 trigger start
2026-07-23T18:58:05+0900 trigger exit=0
multi-person-source synthetic video created: 20260723_185813
sources: 6
mail queued: /home/philip/.local/state/camera-snapshots/mail-queue/20260723_185813.json
2026-07-23T18:58:12+0900 trigger start
2026-07-23T18:58:13+0900 trigger exit=0
multi-person-source synthetic video created: 20260723_185854
sources: 6
mail queued: /home/philip/.local/state/camera-snapshots/mail-queue/20260723_185854.json
2026-07-23T18:58:53+0900 trigger start
2026-07-23T18:58:55+0900 trigger exit=0
multi-person-source synthetic video created: 20260723_194555
sources: 6
mail queued: /home/philip/.local/state/camera-snapshots/mail-queue/20260723_194555.json
2026-07-23T19:45:54+0900 trigger start
2026-07-23T19:45:56+0900 trigger exit=0
multi-person-source synthetic video created: 20260723_195133
sources: 6
mail queued: /home/philip/.local/state/camera-snapshots/mail-queue/20260723_195133.json
2026-07-23T19:51:32+0900 trigger start
2026-07-23T19:51:34+0900 trigger exit=0
multi-person-source synthetic video created: 20260724_112108
sources: 6
mail queued: /home/philip/.local/state/camera-snapshots/mail-queue/20260724_112108.json
2026-07-24T11:21:07+0900 trigger start
2026-07-24T11:21:09+0900 trigger exit=0
multi-person-source synthetic video created: 20260724_112151
sources: 6
mail queued: /home/philip/.local/state/camera-snapshots/mail-queue/20260724_112151.json
2026-07-24T11:21:50+0900 trigger start
2026-07-24T11:21:52+0900 trigger exit=0
multi-person-source synthetic video created: 20260724_112157
sources: 6
mail queued: /home/philip/.local/state/camera-snapshots/mail-queue/20260724_112157.json
2026-07-24T11:21:56+0900 trigger start
2026-07-24T11:21:58+0900 trigger exit=0
multi-person-source synthetic video created: 20260724_112203
sources: 6
mail queued: /home/philip/.local/state/camera-snapshots/mail-queue/20260724_112203.json
2026-07-24T11:22:02+0900 trigger start
2026-07-24T11:22:04+0900 trigger exit=0
multi-person-source synthetic video created: 20260724_112225
sources: 6
mail queued: /home/philip/.local/state/camera-snapshots/mail-queue/20260724_112225.json
2026-07-24T11:22:24+0900 trigger start
2026-07-24T11:22:26+0900 trigger exit=0
multi-person-source synthetic video created: 20260724_112235
sources: 6
mail queued: /home/philip/.local/state/camera-snapshots/mail-queue/20260724_112235.json
2026-07-24T11:22:34+0900 trigger start
2026-07-24T11:22:36+0900 trigger exit=0
multi-person-source synthetic video created: 20260724_112301
sources: 6
mail queued: /home/philip/.local/state/camera-snapshots/mail-queue/20260724_112301.json
2026-07-24T11:23:00+0900 trigger start
2026-07-24T11:23:02+0900 trigger exit=0
multi-person-source synthetic video created: 20260724_112318
sources: 6
mail queued: /home/philip/.local/state/camera-snapshots/mail-queue/20260724_112318.json
2026-07-24T11:23:17+0900 trigger start
2026-07-24T11:23:19+0900 trigger exit=0
multi-person-source synthetic video created: 20260724_112357
sources: 6
mail queued: /home/philip/.local/state/camera-snapshots/mail-queue/20260724_112357.json
2026-07-24T11:23:56+0900 trigger start
2026-07-24T11:23:58+0900 trigger exit=0
multi-person-source synthetic video created: 20260724_112403
sources: 6
mail queued: /home/philip/.local/state/camera-snapshots/mail-queue/20260724_112403.json
2026-07-24T11:24:02+0900 trigger start
2026-07-24T11:24:04+0900 trigger exit=0
multi-person-source synthetic video created: 20260724_112409
sources: 6
mail queued: /home/philip/.local/state/camera-snapshots/mail-queue/20260724_112409.json
2026-07-24T11:24:08+0900 trigger start
2026-07-24T11:24:10+0900 trigger exit=0
multi-person-source synthetic video created: 20260724_112418
sources: 6
mail queued: /home/philip/.local/state/camera-snapshots/mail-queue/20260724_112418.json
2026-07-24T11:24:17+0900 trigger start
2026-07-24T11:24:19+0900 trigger exit=0
multi-person-source synthetic video created: 20260724_112431
sources: 6
mail queued: /home/philip/.local/state/camera-snapshots/mail-queue/20260724_112431.json
2026-07-24T11:24:30+0900 trigger start
2026-07-24T11:24:32+0900 trigger exit=0
multi-person-source synthetic video created: 20260724_112440
sources: 6
mail queued: /home/philip/.local/state/camera-snapshots/mail-queue/20260724_112440.json
2026-07-24T11:24:39+0900 trigger start
2026-07-24T11:24:41+0900 trigger exit=0
multi-person-source synthetic video created: 20260724_112639
sources: 6
mail queued: /home/philip/.local/state/camera-snapshots/mail-queue/20260724_112639.json
2026-07-24T11:26:38+0900 trigger start
2026-07-24T11:26:39+0900 trigger exit=0
multi-person-source synthetic video created: 20260724_112645
sources: 6
mail queued: /home/philip/.local/state/camera-snapshots/mail-queue/20260724_112645.json
2026-07-24T11:26:44+0900 trigger start
2026-07-24T11:26:45+0900 trigger exit=0
multi-person-source synthetic video created: 20260724_112657
sources: 6
mail queued: /home/philip/.local/state/camera-snapshots/mail-queue/20260724_112657.json
2026-07-24T11:26:56+0900 trigger start
2026-07-24T11:26:58+0900 trigger exit=0
multi-person-source synthetic video created: 20260724_112703
sources: 6
mail queued: /home/philip/.local/state/camera-snapshots/mail-queue/20260724_112703.json
2026-07-24T11:27:02+0900 trigger start
2026-07-24T11:27:03+0900 trigger exit=0
multi-person-source synthetic video created: 20260724_112708
sources: 6
mail queued: /home/philip/.local/state/camera-snapshots/mail-queue/20260724_112708.json
2026-07-24T11:27:08+0900 trigger start
2026-07-24T11:27:09+0900 trigger exit=0
multi-person-source synthetic video created: 20260724_112714
sources: 6
mail queued: /home/philip/.local/state/camera-snapshots/mail-queue/20260724_112714.json
2026-07-24T11:27:14+0900 trigger start
2026-07-24T11:27:15+0900 trigger exit=0
multi-person-source synthetic video created: 20260724_112720
sources: 6
mail queued: /home/philip/.local/state/camera-snapshots/mail-queue/20260724_112720.json
2026-07-24T11:27:19+0900 trigger start
2026-07-24T11:27:21+0900 trigger exit=0
multi-person-source synthetic video created: 20260724_112726
sources: 6
mail queued: /home/philip/.local/state/camera-snapshots/mail-queue/20260724_112726.json
2026-07-24T11:27:25+0900 trigger start
2026-07-24T11:27:27+0900 trigger exit=0
multi-person-source synthetic video created: 20260724_112732
sources: 6
mail queued: /home/philip/.local/state/camera-snapshots/mail-queue/20260724_112732.json
2026-07-24T11:27:31+0900 trigger start
2026-07-24T11:27:33+0900 trigger exit=0
multi-person-source synthetic video created: 20260724_112742
sources: 6
mail queued: /home/philip/.local/state/camera-snapshots/mail-queue/20260724_112742.json
2026-07-24T11:27:41+0900 trigger start
2026-07-24T11:27:42+0900 trigger exit=0
multi-person-source synthetic video created: 20260724_112747
sources: 6
mail queued: /home/philip/.local/state/camera-snapshots/mail-queue/20260724_112747.json
2026-07-24T11:27:46+0900 trigger start
2026-07-24T11:27:48+0900 trigger exit=0
multi-person-source synthetic video created: 20260724_112753
sources: 6
mail queued: /home/philip/.local/state/camera-snapshots/mail-queue/20260724_112753.json
2026-07-24T11:27:52+0900 trigger start
2026-07-24T11:27:54+0900 trigger exit=0
multi-person-source synthetic video created: 20260724_112809
sources: 6
mail queued: /home/philip/.local/state/camera-snapshots/mail-queue/20260724_112809.json
2026-07-24T11:28:08+0900 trigger start
2026-07-24T11:28:09+0900 trigger exit=0
multi-person-source synthetic video created: 20260724_112914
sources: 6
mail queued: /home/philip/.local/state/camera-snapshots/mail-queue/20260724_112914.json
2026-07-24T11:29:14+0900 trigger start
2026-07-24T11:29:15+0900 trigger exit=0
multi-person-source synthetic video created: 20260724_112920
sources: 6
mail queued: /home/philip/.local/state/camera-snapshots/mail-queue/20260724_112920.json
2026-07-24T11:29:19+0900 trigger start
2026-07-24T11:29:21+0900 trigger exit=0
multi-person-source synthetic video created: 20260724_112926
sources: 6
mail queued: /home/philip/.local/state/camera-snapshots/mail-queue/20260724_112926.json
2026-07-24T11:29:25+0900 trigger start
2026-07-24T11:29:27+0900 trigger exit=0
multi-person-source synthetic video created: 20260724_112945
sources: 6
mail queued: /home/philip/.local/state/camera-snapshots/mail-queue/20260724_112945.json
2026-07-24T11:29:45+0900 trigger start
2026-07-24T11:29:46+0900 trigger exit=0
multi-person-source synthetic video created: 20260724_113009
sources: 6
mail queued: /home/philip/.local/state/camera-snapshots/mail-queue/20260724_113009.json
2026-07-24T11:30:09+0900 trigger start
2026-07-24T11:30:10+0900 trigger exit=0
multi-person-source synthetic video created: 20260724_113046
sources: 6
mail queued: /home/philip/.local/state/camera-snapshots/mail-queue/20260724_113046.json
2026-07-24T11:30:45+0900 trigger start
2026-07-24T11:30:46+0900 trigger exit=0
multi-person-source synthetic video created: 20260724_113100
sources: 6
mail queued: /home/philip/.local/state/camera-snapshots/mail-queue/20260724_113100.json
2026-07-24T11:30:59+0900 trigger start
2026-07-24T11:31:00+0900 trigger exit=0
multi-person-source synthetic video created: 20260724_113110
sources: 6
mail queued: /home/philip/.local/state/camera-snapshots/mail-queue/20260724_113110.json
2026-07-24T11:31:09+0900 trigger start
2026-07-24T11:31:10+0900 trigger exit=0
multi-person-source synthetic video created: 20260724_113115
sources: 6
mail queued: /home/philip/.local/state/camera-snapshots/mail-queue/20260724_113115.json
2026-07-24T11:31:15+0900 trigger start
2026-07-24T11:31:16+0900 trigger exit=0
multi-person-source synthetic video created: 20260724_113121
sources: 6
mail queued: /home/philip/.local/state/camera-snapshots/mail-queue/20260724_113121.json
2026-07-24T11:31:20+0900 trigger start
2026-07-24T11:31:22+0900 trigger exit=0
multi-person-source synthetic video created: 20260724_113137
sources: 6
mail queued: /home/philip/.local/state/camera-snapshots/mail-queue/20260724_113137.json
2026-07-24T11:31:36+0900 trigger start
2026-07-24T11:31:38+0900 trigger exit=0
multi-person-source synthetic video created: 20260724_113143
sources: 6
mail queued: /home/philip/.local/state/camera-snapshots/mail-queue/20260724_113143.json
2026-07-24T11:31:42+0900 trigger start
2026-07-24T11:31:44+0900 trigger exit=0
multi-person-source synthetic video created: 20260724_113152
sources: 6
mail queued: /home/philip/.local/state/camera-snapshots/mail-queue/20260724_113152.json
2026-07-24T11:31:51+0900 trigger start
2026-07-24T11:31:53+0900 trigger exit=0
multi-person-source synthetic video created: 20260724_113209
sources: 6
mail queued: /home/philip/.local/state/camera-snapshots/mail-queue/20260724_113209.json
2026-07-24T11:32:08+0900 trigger start
2026-07-24T11:32:10+0900 trigger exit=0
multi-person-source synthetic video created: 20260724_113215
sources: 6
mail queued: /home/philip/.local/state/camera-snapshots/mail-queue/20260724_113215.json
2026-07-24T11:32:14+0900 trigger start
2026-07-24T11:32:16+0900 trigger exit=0
multi-person-source synthetic video created: 20260724_113336
sources: 6
mail queued: /home/philip/.local/state/camera-snapshots/mail-queue/20260724_113336.json
2026-07-24T11:33:35+0900 trigger start
2026-07-24T11:33:36+0900 trigger exit=0
multi-person-source synthetic video created: 20260724_113341
sources: 6
mail queued: /home/philip/.local/state/camera-snapshots/mail-queue/20260724_113341.json
2026-07-24T11:33:40+0900 trigger start
2026-07-24T11:33:42+0900 trigger exit=0
multi-person-source synthetic video created: 20260724_113347
sources: 6
mail queued: /home/philip/.local/state/camera-snapshots/mail-queue/20260724_113347.json
2026-07-24T11:33:46+0900 trigger start
2026-07-24T11:33:47+0900 trigger exit=0
multi-person-source synthetic video created: 20260724_113410
sources: 6
mail queued: /home/philip/.local/state/camera-snapshots/mail-queue/20260724_113410.json
2026-07-24T11:34:09+0900 trigger start
2026-07-24T11:34:11+0900 trigger exit=0
multi-person-source synthetic video created: 20260724_113416
sources: 6
mail queued: /home/philip/.local/state/camera-snapshots/mail-queue/20260724_113416.json
2026-07-24T11:34:15+0900 trigger start
2026-07-24T11:34:17+0900 trigger exit=0
multi-person-source synthetic video created: 20260724_113425
sources: 6
mail queued: /home/philip/.local/state/camera-snapshots/mail-queue/20260724_113425.json
2026-07-24T11:34:24+0900 trigger start
2026-07-24T11:34:26+0900 trigger exit=0
multi-person-source synthetic video created: 20260724_113531
sources: 6
mail queued: /home/philip/.local/state/camera-snapshots/mail-queue/20260724_113531.json
2026-07-24T11:35:30+0900 trigger start
2026-07-24T11:35:32+0900 trigger exit=0
multi-person-source synthetic video created: 20260724_113537
sources: 6
mail queued: /home/philip/.local/state/camera-snapshots/mail-queue/20260724_113537.json
2026-07-24T11:35:36+0900 trigger start
2026-07-24T11:35:38+0900 trigger exit=0
multi-person-source synthetic video created: 20260724_113543
sources: 6
mail queued: /home/philip/.local/state/camera-snapshots/mail-queue/20260724_113543.json
2026-07-24T11:35:42+0900 trigger start
2026-07-24T11:35:43+0900 trigger exit=0
multi-person-source synthetic video created: 20260724_113548
sources: 6
mail queued: /home/philip/.local/state/camera-snapshots/mail-queue/20260724_113548.json
2026-07-24T11:35:47+0900 trigger start
2026-07-24T11:35:49+0900 trigger exit=0
multi-person-source synthetic video created: 20260724_113602
sources: 6
mail queued: /home/philip/.local/state/camera-snapshots/mail-queue/20260724_113602.json
2026-07-24T11:36:01+0900 trigger start
2026-07-24T11:36:02+0900 trigger exit=0
multi-person-source synthetic video created: 20260724_113607
sources: 6
mail queued: /home/philip/.local/state/camera-snapshots/mail-queue/20260724_113607.json
2026-07-24T11:36:06+0900 trigger start
2026-07-24T11:36:08+0900 trigger exit=0
multi-person-source synthetic video created: 20260724_113613
sources: 6
mail queued: /home/philip/.local/state/camera-snapshots/mail-queue/20260724_113613.json
2026-07-24T11:36:12+0900 trigger start
2026-07-24T11:36:14+0900 trigger exit=0
multi-person-source synthetic video created: 20260724_113630
sources: 6
mail queued: /home/philip/.local/state/camera-snapshots/mail-queue/20260724_113630.json
2026-07-24T11:36:29+0900 trigger start
2026-07-24T11:36:31+0900 trigger exit=0
multi-person-source synthetic video created: 20260724_113718
sources: 6
mail queued: /home/philip/.local/state/camera-snapshots/mail-queue/20260724_113718.json
2026-07-24T11:37:17+0900 trigger start
2026-07-24T11:37:19+0900 trigger exit=0
multi-person-source synthetic video created: 20260724_114136
sources: 6
mail queued: /home/philip/.local/state/camera-snapshots/mail-queue/20260724_114136.json
2026-07-24T11:41:35+0900 trigger start
2026-07-24T11:41:37+0900 trigger exit=0
multi-person-source synthetic video created: 20260724_114142
sources: 6
mail queued: /home/philip/.local/state/camera-snapshots/mail-queue/20260724_114142.json
2026-07-24T11:41:41+0900 trigger start
2026-07-24T11:41:43+0900 trigger exit=0
multi-person-source synthetic video created: 20260724_115145
sources: 6
mail queued: /home/philip/.local/state/camera-snapshots/mail-queue/20260724_115145.json
2026-07-24T11:51:44+0900 trigger start
2026-07-24T11:51:45+0900 trigger exit=0
multi-person-source synthetic video created: 20260724_115221
sources: 6
mail queued: /home/philip/.local/state/camera-snapshots/mail-queue/20260724_115221.json
2026-07-24T11:52:20+0900 trigger start
2026-07-24T11:52:22+0900 trigger exit=0
multi-person-source synthetic video created: 20260724_115227
sources: 6
mail queued: /home/philip/.local/state/camera-snapshots/mail-queue/20260724_115227.json
2026-07-24T11:52:26+0900 trigger start
2026-07-24T11:52:28+0900 trigger exit=0
multi-person-source synthetic video created: 20260724_115233
sources: 6
mail queued: /home/philip/.local/state/camera-snapshots/mail-queue/20260724_115233.json
2026-07-24T11:52:32+0900 trigger start
2026-07-24T11:52:34+0900 trigger exit=0
multi-person-source synthetic video created: 20260724_115245
sources: 6
mail queued: /home/philip/.local/state/camera-snapshots/mail-queue/20260724_115245.json
2026-07-24T11:52:44+0900 trigger start
2026-07-24T11:52:46+0900 trigger exit=0
multi-person-source synthetic video created: 20260724_115306
sources: 6
mail queued: /home/philip/.local/state/camera-snapshots/mail-queue/20260724_115306.json
2026-07-24T11:53:05+0900 trigger start
2026-07-24T11:53:06+0900 trigger exit=0
multi-person-source synthetic video created: 20260724_115311
sources: 6
mail queued: /home/philip/.local/state/camera-snapshots/mail-queue/20260724_115311.json
2026-07-24T11:53:10+0900 trigger start
2026-07-24T11:53:12+0900 trigger exit=0
multi-person-source synthetic video created: 20260724_115317
sources: 6
mail queued: /home/philip/.local/state/camera-snapshots/mail-queue/20260724_115317.json
2026-07-24T11:53:16+0900 trigger start
2026-07-24T11:53:18+0900 trigger exit=0
multi-person-source synthetic video created: 20260724_115323
sources: 6
mail queued: /home/philip/.local/state/camera-snapshots/mail-queue/20260724_115323.json
2026-07-24T11:53:22+0900 trigger start
2026-07-24T11:53:23+0900 trigger exit=0
multi-person-source synthetic video created: 20260724_115336
sources: 6
mail queued: /home/philip/.local/state/camera-snapshots/mail-queue/20260724_115336.json
2026-07-24T11:53:35+0900 trigger start
2026-07-24T11:53:37+0900 trigger exit=0
multi-person-source synthetic video created: 20260724_115342
sources: 6
mail queued: /home/philip/.local/state/camera-snapshots/mail-queue/20260724_115342.json
2026-07-24T11:53:41+0900 trigger start
2026-07-24T11:53:43+0900 trigger exit=0
multi-person-source synthetic video created: 20260724_120736
sources: 6
mail queued: /home/philip/.local/state/camera-snapshots/mail-queue/20260724_120736.json
2026-07-24T12:07:35+0900 trigger start
2026-07-24T12:07:37+0900 trigger exit=0
multi-person-source synthetic video created: 20260724_120934
sources: 6
mail queued: /home/philip/.local/state/camera-snapshots/mail-queue/20260724_120934.json
2026-07-24T12:09:33+0900 trigger start
2026-07-24T12:09:35+0900 trigger exit=0
multi-person-source synthetic video created: 20260724_121018
sources: 6
mail queued: /home/philip/.local/state/camera-snapshots/mail-queue/20260724_121018.json
2026-07-24T12:10:17+0900 trigger start
2026-07-24T12:10:19+0900 trigger exit=0
multi-person-source synthetic video created: 20260724_121027
sources: 6
mail queued: /home/philip/.local/state/camera-snapshots/mail-queue/20260724_121027.json
2026-07-24T12:10:26+0900 trigger start
2026-07-24T12:10:28+0900 trigger exit=0
multi-person-source synthetic video created: 20260724_121430
sources: 6
mail queued: /home/philip/.local/state/camera-snapshots/mail-queue/20260724_121430.json
2026-07-24T12:14:29+0900 trigger start
2026-07-24T12:14:31+0900 trigger exit=0
multi-person-source synthetic video created: 20260724_121436
sources: 6
mail queued: /home/philip/.local/state/camera-snapshots/mail-queue/20260724_121436.json
2026-07-24T12:14:35+0900 trigger start
2026-07-24T12:14:37+0900 trigger exit=0
multi-person-source synthetic video created: 20260724_121442
sources: 6
mail queued: /home/philip/.local/state/camera-snapshots/mail-queue/20260724_121442.json
2026-07-24T12:14:41+0900 trigger start
2026-07-24T12:14:43+0900 trigger exit=0
multi-person-source synthetic video created: 20260724_121448
sources: 6
mail queued: /home/philip/.local/state/camera-snapshots/mail-queue/20260724_121448.json
2026-07-24T12:14:47+0900 trigger start
2026-07-24T12:14:48+0900 trigger exit=0
multi-person-source synthetic video created: 20260724_121454
sources: 6
mail queued: /home/philip/.local/state/camera-snapshots/mail-queue/20260724_121454.json
2026-07-24T12:14:53+0900 trigger start
2026-07-24T12:14:54+0900 trigger exit=0
multi-person-source synthetic video created: 20260724_121459
sources: 6
mail queued: /home/philip/.local/state/camera-snapshots/mail-queue/20260724_121459.json
2026-07-24T12:14:58+0900 trigger start
2026-07-24T12:15:00+0900 trigger exit=0
multi-person-source synthetic video created: 20260724_121630
sources: 6
mail queued: /home/philip/.local/state/camera-snapshots/mail-queue/20260724_121630.json
2026-07-24T12:16:29+0900 trigger start
2026-07-24T12:16:31+0900 trigger exit=0
multi-person-source synthetic video created: 20260724_121636
sources: 6
mail queued: /home/philip/.local/state/camera-snapshots/mail-queue/20260724_121636.json
2026-07-24T12:16:35+0900 trigger start
2026-07-24T12:16:37+0900 trigger exit=0
multi-person-source synthetic video created: 20260724_121654
sources: 6
mail queued: /home/philip/.local/state/camera-snapshots/mail-queue/20260724_121654.json
2026-07-24T12:16:53+0900 trigger start
2026-07-24T12:16:55+0900 trigger exit=0
multi-person-source synthetic video created: 20260724_123348
sources: 6
mail queued: /home/philip/.local/state/camera-snapshots/mail-queue/20260724_123348.json
2026-07-24T12:33:47+0900 trigger start
2026-07-24T12:33:48+0900 trigger exit=0
multi-person-source synthetic video created: 20260724_123907
sources: 6
mail queued: /home/philip/.local/state/camera-snapshots/mail-queue/20260724_123907.json
2026-07-24T12:39:06+0900 trigger start
2026-07-24T12:39:07+0900 trigger exit=0
multi-person-source synthetic video created: 20260724_125035
sources: 6
mail queued: /home/philip/.local/state/camera-snapshots/mail-queue/20260724_125035.json
2026-07-24T12:50:34+0900 trigger start
2026-07-24T12:50:35+0900 trigger exit=0
multi-person-source synthetic video created: 20260724_125040
sources: 6
mail queued: /home/philip/.local/state/camera-snapshots/mail-queue/20260724_125040.json
2026-07-24T12:50:39+0900 trigger start
2026-07-24T12:50:41+0900 trigger exit=0
